To honour the JVM settings for this build a single-use Daemon process will be forked. For more on this, please refer to https://docs.gradle.org/8.4/userguide/gradle_daemon.html#sec:disabling_the_daemon in the Gradle documentation.
Daemon will be stopped at the end of the build 
.\gradlew.bat : 
At line:1 char:1
+ .\gradlew.bat --no-daemon clean assembleDebug > 
build_output.txt 2>&1
+ ~~~~~~~~~~~~~~~~~~~~~~~~~~~~~~~~~~~~~~~~~~~~~~~~~~~~~~
~~~~~~~~~~~~~~~
    + CategoryInfo          : NotSpecified: (:String) [ 
   ], RemoteException
    + FullyQualifiedErrorId : NativeCommandError
 
FAILURE: Build failed with an exception.

* What went wrong:
A problem occurred configuring root project 
'SmartReminderRoll22'.
> Could not resolve all files for configuration 
':classpath'.
   > Could not resolve 
com.android.tools.build:gradle:8.2.2.
     Required by:
         project : > com.android.application:com.android
.application.gradle.plugin:8.2.2
      > No matching variant of 
com.android.tools.build:gradle:8.2.2 was found. The 
consumer was configured to find a library for use 
during runtime, compatible with Java 8, packaged as a 
jar, and its dependencies declared externally, as well 
as attribute 'org.gradle.plugin.api-version' with value 
'8.4' but:
          - Variant 'apiElements' capability 
com.android.tools.build:gradle:8.2.2 declares a 
library, packaged as a jar, and its dependencies 
declared externally:
              - Incompatible because this component 
declares a component for use during compile-time, 
compatible with Java 11 and the consumer needed a 
component for use during runtime, compatible with Java 8
              - Other compatible attribute:
                  - Doesn't say anything about 
org.gradle.plugin.api-version (required '8.4')
          - Variant 'javadocElements' capability 
com.android.tools.build:gradle:8.2.2 declares a 
component for use during runtime, and its dependencies 
declared externally:
              - Incompatible because this component 
declares documentation and the consumer needed a library
              - Other compatible attributes:
                  - Doesn't say anything about its 
target Java version (required compatibility with Java 8)
                  - Doesn't say anything about its 
elements (required them packaged as a jar)
                  - Doesn't say anything about 
org.gradle.plugin.api-version (required '8.4')
          - Variant 'runtimeElements' capability 
com.android.tools.build:gradle:8.2.2 declares a library 
for use during runtime, packaged as a jar, and its 
dependencies declared externally:
              - Incompatible because this component 
declares a component, compatible with Java 11 and the 
consumer needed a component, compatible with Java 8
              - Other compatible attribute:
                  - Doesn't say anything about 
org.gradle.plugin.api-version (required '8.4')
          - Variant 'sourcesElements' capability 
com.android.tools.build:gradle:8.2.2 declares a 
component for use during runtime, and its dependencies 
declared externally:
              - Incompatible because this component 
declares documentation and the consumer needed a library
              - Other compatible attributes:
                  - Doesn't say anything about its 
target Java version (required compatibility with Java 8)
                  - Doesn't say anything about its 
elements (required them packaged as a jar)
                  - Doesn't say anything about 
org.gradle.plugin.api-version (required '8.4')

* Try:
> Run with --stacktrace option to get the stack trace.
> Run with --info or --debug option to get more log 
output.
> Run with --scan to get full insights.
> Get more help at https://help.gradle.org.

BUILD FAILED in 7s
